com\algaworks\pedidovenda\model\Requisito.class
com\algaworks\pedidovenda\model\Funcionario.class
com\algaworks\pedidovenda\service\CadastroFuncionarioService.class
com\algaworks\pedidovenda\controller\PesquisaRequisitosBean.class
com\algaworks\pedidovenda\model\Endereco.class
com\algaworks\pedidovenda\controller\PesquisaTareasBean.class
com\algaworks\pedidovenda\converter\FuncionarioConverter.class
com\algaworks\pedidovenda\util\jsf\FacesUtil.class
com\algaworks\pedidovenda\model\Solicitante.class
com\algaworks\pedidovenda\controller\FinalizarTareaBean.class
com\algaworks\pedidovenda\model\Cliente.class
com\algaworks\pedidovenda\model\StatusPedido.class
com\algaworks\pedidovenda\security\UsuarioSistema.class
com\algaworks\pedidovenda\model\Produto.class
com\algaworks\pedidovenda\util\cdi\ViewScopedContext.class
com\algaworks\pedidovenda\util\cdi\CDIServiceLocator.class
com\algaworks\pedidovenda\controller\CadastroSolicitanteBean.class
com\algaworks\pedidovenda\util\jpa\TransactionInterceptor.class
com\algaworks\pedidovenda\model\FormaPedido.class
com\algaworks\pedidovenda\repository\Categorias.class
com\algaworks\pedidovenda\controller\CadastroFuncionarioBean.class
com\algaworks\pedidovenda\model\ItemTarea.class
com\algaworks\pedidovenda\repository\filter\TareaFilter.class
com\algaworks\pedidovenda\util\jpa\EntityManagerProducer.class
com\algaworks\pedidovenda\security\AppUserDetailsService.class
com\algaworks\pedidovenda\controller\CadastroRequisitoBean.class
com\algaworks\pedidovenda\MessagesBean.class
com\algaworks\pedidovenda\repository\filter\SolicitanteFilter.class
com\algaworks\pedidovenda\util\AppContextListener.class
com\algaworks\pedidovenda\model\StatusTarea.class
com\algaworks\pedidovenda\service\CadastroTareaService.class
com\algaworks\pedidovenda\validation\SKU.class
com\algaworks\pedidovenda\service\CadastroSolicitanteService.class
com\algaworks\pedidovenda\util\jpa\Transactional.class
com\algaworks\pedidovenda\util\jsf\JsfExceptionHandler.class
com\algaworks\pedidovenda\controller\PesquisaSolicitantesBean.class
com\algaworks\pedidovenda\model\Grupo.class
com\algaworks\pedidovenda\security\JsfRedirectStrategy.class
com\algaworks\pedidovenda\service\FinalizarTareaService.class
com\algaworks\pedidovenda\controller\CadastroTareaBean.class
com\algaworks\pedidovenda\controller\TareaAlteradoEvent.class
com\algaworks\pedidovenda\controller\RelatorioPedidosEmitidosBean.class
com\algaworks\pedidovenda\repository\Requisitos.class
com\algaworks\pedidovenda\controller\CancelamentoTareaBean.class
com\algaworks\pedidovenda\util\jsf\FacesProducer.class
com\algaworks\pedidovenda\service\CancelamentoTareaService.class
com\algaworks\pedidovenda\converter\SolicitanteConverter.class
com\algaworks\pedidovenda\security\JsfLoginUrlAuthenticationEntryPoint.class
com\algaworks\pedidovenda\repository\filter\RequisitoFilter.class
com\algaworks\pedidovenda\model\Usuario.class
com\algaworks\pedidovenda\service\CadastroRequisitoService.class
com\algaworks\pedidovenda\util\jsf\JsfExceptionHandlerFactory.class
com\algaworks\pedidovenda\repository\filter\FuncionarioFilter.class
com\algaworks\pedidovenda\converter\RequisitoConverter.class
com\algaworks\pedidovenda\model\TipoPessoa.class
com\algaworks\pedidovenda\repository\Usuarios.class
TestePedido.class
com\algaworks\pedidovenda\model\vo\DataValor.class
com\algaworks\pedidovenda\converter\TareaConverter.class
com\algaworks\pedidovenda\controller\PesquisaFuncionariosBean.class
com\algaworks\pedidovenda\model\Categoria.class
com\algaworks\pedidovenda\controller\TareaEdicao.class
com\algaworks\pedidovenda\model\FormaPagamento.class
com\algaworks\pedidovenda\repository\Tareas.class
com\algaworks\pedidovenda\controller\LoginBean.class
com\algaworks\pedidovenda\model\EnderecoEntrega.class
com\algaworks\pedidovenda\security\Seguranca.class
com\algaworks\pedidovenda\service\NegocioException.class
com\algaworks\pedidovenda\repository\Funcionarios.class
com\algaworks\pedidovenda\repository\Solicitantes.class
com\algaworks\pedidovenda\security\JsfAccessDeniedHandler.class
com\algaworks\pedidovenda\security\UsuarioLogado.class
com\algaworks\pedidovenda\util\cdi\ViewContextExtension.class
Teste.class
com\algaworks\pedidovenda\converter\CategoriaConverter.class
com\algaworks\pedidovenda\util\report\ExecutorRelatorio.class
com\algaworks\pedidovenda\model\Tarea.class
